---
source: crates/saldo-ws/tests/saldo_ws_api/lids.rs
expression: data
---
{
  "data": {
    "message": "There is no lexeme 'qt..1'"
  },
  "status_code": 404
}
