---
source: crates/saldo-ws/tests/saldo_ws_api/fullform.rs
expression: data
---
{
  "a": [],
  "c": "a√§"
}
