---
source: crates/fjall-morphology/tests/api/main.rs
expression: result_json
---
{
  "a": [],
  "c": "a√§"
}
